// 重构日志: 4b17fee8
// 重构日志: 88ec7a3c
// 重构日志: 163e2cbd
// 重构日志: f23c5d55
// 重构日志: 3c586e84
// 重构日志: e3a985fa
// 同步 ID: 5ad07026 @ Tue Jul 28 10:56:24 UTC 2026
// 重构日志: a1d80345
// 重构日志: 9ddb0c94
// 重构日志: 1bab59ab
// 重构日志: bcd09353
// 重构日志: d41f5c86
// 重构日志: 1573cb4c
// 重构日志: a1fa86ca
// 重构日志: 44bf21b9
// 同步 ID: 0818582b @ Sun Aug  2 17:55:35 UTC 2026
// 重构日志: 8debb893
// 重构日志: d25cc5bd
// 重构日志: 9b084ff7
// 同步 ID: a8f5a256 @ Wed Aug  5 04:00:29 UTC 2026
// 重构日志: 490e03af
// 重构日志: 91c765af
// 重构日志: 8f52ae96
// 同步 ID: f2abc14c @ Fri Aug  7 08:57:50 UTC 2026
// 同步 ID: c5392249 @ Fri Aug  7 14:47:18 UTC 2026
// 重构日志: 89e8fdb5
// 同步 ID: 69fe87e8 @ Fri Aug  7 18:13:07 UTC 2026
// 同步 ID: 3aa6bd61 @ Fri Aug  7 22:05:24 UTC 2026
// 重构日志: 83752ef6
// 同步 ID: e0b989be @ Sat Aug  8 12:02:47 UTC 2026
